Archive member included to satisfy reference by file (symbol)

/Applications/STM32CubeIDE.app/Contents/Eclipse/plugins/com.st.stm32cube.ide.mcu.externaltools.gnu-tools-for-stm32.7-2018-q2-update.macos64_1.0.0.201904181610/tools/bin/../lib/gcc/arm-none-eabi/7.3.1/../../../../arm-none-eabi/lib/thumb/v7e-m/fpv4-sp/hard/libc_nano.a(lib_a-errno.o)
                              Core/Src/syscalls.o (__errno)
/Applications/STM32CubeIDE.app/Contents/Eclipse/plugins/com.st.stm32cube.ide.mcu.externaltools.gnu-tools-for-stm32.7-2018-q2-update.macos64_1.0.0.201904181610/tools/bin/../lib/gcc/arm-none-eabi/7.3.1/../../../../arm-none-eabi/lib/thumb/v7e-m/fpv4-sp/hard/libc_nano.a(lib_a-exit.o)
                              /Applications/STM32CubeIDE.app/Contents/Eclipse/plugins/com.st.stm32cube.ide.mcu.externaltools.gnu-tools-for-stm32.7-2018-q2-update.macos64_1.0.0.201904181610/tools/bin/../lib/gcc/arm-none-eabi/7.3.1/../../../../arm-none-eabi/lib/thumb/v7e-m/fpv4-sp/hard/crt0.o (exit)
/Applications/STM32CubeIDE.app/Contents/Eclipse/plugins/com.st.stm32cube.ide.mcu.externaltools.gnu-tools-for-stm32.7-2018-q2-update.macos64_1.0.0.201904181610/tools/bin/../lib/gcc/arm-none-eabi/7.3.1/../../../../arm-none-eabi/lib/thumb/v7e-m/fpv4-sp/hard/libc_nano.a(lib_a-impure.o)
                              /Applications/STM32CubeIDE.app/Contents/Eclipse/plugins/com.st.stm32cube.ide.mcu.externaltools.gnu-tools-for-stm32.7-2018-q2-update.macos64_1.0.0.201904181610/tools/bin/../lib/gcc/arm-none-eabi/7.3.1/../../../../arm-none-eabi/lib/thumb/v7e-m/fpv4-sp/hard/libc_nano.a(lib_a-exit.o) (_global_impure_ptr)
/Applications/STM32CubeIDE.app/Contents/Eclipse/plugins/com.st.stm32cube.ide.mcu.externaltools.gnu-tools-for-stm32.7-2018-q2-update.macos64_1.0.0.201904181610/tools/bin/../lib/gcc/arm-none-eabi/7.3.1/../../../../arm-none-eabi/lib/thumb/v7e-m/fpv4-sp/hard/libc_nano.a(lib_a-init.o)
                              /Applications/STM32CubeIDE.app/Contents/Eclipse/plugins/com.st.stm32cube.ide.mcu.externaltools.gnu-tools-for-stm32.7-2018-q2-update.macos64_1.0.0.201904181610/tools/bin/../lib/gcc/arm-none-eabi/7.3.1/../../../../arm-none-eabi/lib/thumb/v7e-m/fpv4-sp/hard/crt0.o (__libc_init_array)
/Applications/STM32CubeIDE.app/Contents/Eclipse/plugins/com.st.stm32cube.ide.mcu.externaltools.gnu-tools-for-stm32.7-2018-q2-update.macos64_1.0.0.201904181610/tools/bin/../lib/gcc/arm-none-eabi/7.3.1/../../../../arm-none-eabi/lib/thumb/v7e-m/fpv4-sp/hard/libc_nano.a(lib_a-memset.o)
                              /Applications/STM32CubeIDE.app/Contents/Eclipse/plugins/com.st.stm32cube.ide.mcu.externaltools.gnu-tools-for-stm32.7-2018-q2-update.macos64_1.0.0.201904181610/tools/bin/../lib/gcc/arm-none-eabi/7.3.1/../../../../arm-none-eabi/lib/thumb/v7e-m/fpv4-sp/hard/crt0.o (memset)
/Applications/STM32CubeIDE.app/Contents/Eclipse/plugins/com.st.stm32cube.ide.mcu.externaltools.gnu-tools-for-stm32.7-2018-q2-update.macos64_1.0.0.201904181610/tools/bin/../lib/gcc/arm-none-eabi/7.3.1/thumb/v7e-m/fpv4-sp/hard/libgcc.a(_aeabi_uldivmod.o)
                              Drivers/STM32F4xx_HAL_Driver/Src/stm32f4xx_hal_rcc.o (__aeabi_uldivmod)
/Applications/STM32CubeIDE.app/Contents/Eclipse/plugins/com.st.stm32cube.ide.mcu.externaltools.gnu-tools-for-stm32.7-2018-q2-update.macos64_1.0.0.201904181610/tools/bin/../lib/gcc/arm-none-eabi/7.3.1/thumb/v7e-m/fpv4-sp/hard/libgcc.a(_udivmoddi4.o)
                              /Applications/STM32CubeIDE.app/Contents/Eclipse/plugins/com.st.stm32cube.ide.mcu.externaltools.gnu-tools-for-stm32.7-2018-q2-update.macos64_1.0.0.201904181610/tools/bin/../lib/gcc/arm-none-eabi/7.3.1/thumb/v7e-m/fpv4-sp/hard/libgcc.a(_aeabi_uldivmod.o) (__udivmoddi4)
/Applications/STM32CubeIDE.app/Contents/Eclipse/plugins/com.st.stm32cube.ide.mcu.externaltools.gnu-tools-for-stm32.7-2018-q2-update.macos64_1.0.0.201904181610/tools/bin/../lib/gcc/arm-none-eabi/7.3.1/thumb/v7e-m/fpv4-sp/hard/libgcc.a(_dvmd_tls.o)
                              /Applications/STM32CubeIDE.app/Contents/Eclipse/plugins/com.st.stm32cube.ide.mcu.externaltools.gnu-tools-for-stm32.7-2018-q2-update.macos64_1.0.0.201904181610/tools/bin/../lib/gcc/arm-none-eabi/7.3.1/thumb/v7e-m/fpv4-sp/hard/libgcc.a(_aeabi_uldivmod.o) (__aeabi_ldiv0)

Allocating common symbols
Common symbol       size              file

timer               0x2               Core/Src/main.o
uwTick              0x4               Drivers/STM32F4xx_HAL_Driver/Src/stm32f4xx_hal.o
hdma_adc3           0x60              Core/Src/adc.o
pFlash              0x20              Drivers/STM32F4xx_HAL_Driver/Src/stm32f4xx_hal_flash.o
hadc1               0x48              Core/Src/adc.o
adc1                0xe               Core/Src/main.o
hadc3               0x48              Core/Src/adc.o
huart1              0x40              Core/Src/usart.o
hdac                0x14              Core/Src/dac.o
hdma_adc1           0x60              Core/Src/adc.o
hspi1               0x58              Core/Src/spi.o
[...]
Memory Configuration

Name             Origin             Length             Attributes
CCMRAM           0x0000000010000000 0x0000000000010000 xrw
RAM              0x0000000020000000 0x0000000000030000 xrw
FLASH            0x0000000008000000 0x0000000000200000 xr
*default*        0x0000000000000000 0xffffffffffffffff

Linker script and memory map

LOAD /Applications/STM32CubeIDE.app/Contents/Eclipse/plugins/com.st.stm32cube.ide.mcu.externaltools.gnu-tools-for-stm32.7-2018-q2-update.macos64_1.0.0.201904181610/tools/bin/../lib/gcc/arm-none-eabi/7.3.1/thumb/v7e-m/fpv4-sp/hard/crti.o
LOAD /Applications/STM32CubeIDE.app/Contents/Eclipse/plugins/com.st.stm32cube.ide.mcu.externaltools.gnu-tools-for-stm32.7-2018-q2-update.macos64_1.0.0.201904181610/tools/bin/../lib/gcc/arm-none-eabi/7.3.1/thumb/v7e-m/fpv4-sp/hard/crtbegin.o
LOAD /Applications/STM32CubeIDE.app/Contents/Eclipse/plugins/com.st.stm32cube.ide.mcu.externaltools.gnu-tools-for-stm32.7-2018-q2-update.macos64_1.0.0.201904181610/tools/bin/../lib/gcc/arm-none-eabi/7.3.1/../../../../arm-none-eabi/lib/thumb/v7e-m/fpv4-sp/hard/crt0.o
LOAD Core/Src/adc.o
LOAD Core/Src/dac.o
LOAD Core/Src/dma.o
LOAD Core/Src/eth.o
LOAD Core/Src/gpio.o
LOAD Core/Src/main.o
LOAD Core/Src/spi.o
LOAD Core/Src/stm32f4xx_hal_msp.o
LOAD Core/Src/stm32f4xx_it.o
LOAD Core/Src/sys.o
LOAD Core/Src/syscalls.o
LOAD Core/Src/sysmem.o
LOAD Core/Src/system_stm32f4xx.o
LOAD Core/Src/tim.o
LOAD Core/Src/usart.o
LOAD Core/Startup/startup_stm32f429zitx.o
LOAD Drivers/STM32F4xx_HAL_Driver/Src/stm32f4xx_hal.o
LOAD Drivers/STM32F4xx_HAL_Driver/Src/stm32f4xx_hal_adc.o
LOAD Drivers/STM32F4xx_HAL_Driver/Src/stm32f4xx_hal_adc_ex.o
LOAD Drivers/STM32F4xx_HAL_Driver/Src/stm32f4xx_hal_cortex.o
LOAD Drivers/STM32F4xx_HAL_Driver/Src/stm32f4xx_hal_dac.o
LOAD Drivers/STM32F4xx_HAL_Driver/Src/stm32f4xx_hal_dac_ex.o
LOAD Drivers/STM32F4xx_HAL_Driver/Src/stm32f4xx_hal_dma.o
LOAD Drivers/STM32F4xx_HAL_Driver/Src/stm32f4xx_hal_dma_ex.o
LOAD Drivers/STM32F4xx_HAL_Driver/Src/stm32f4xx_hal_eth.o
LOAD Drivers/STM32F4xx_HAL_Driver/Src/stm32f4xx_hal_exti.o
LOAD Drivers/STM32F4xx_HAL_Driver/Src/stm32f4xx_hal_flash.o
LOAD Drivers/STM32F4xx_HAL_Driver/Src/stm32f4xx_hal_flash_ex.o
LOAD Drivers/STM32F4xx_HAL_Driver/Src/stm32f4xx_hal_flash_ramfunc.o
LOAD Drivers/STM32F4xx_HAL_Driver/Src/stm32f4xx_hal_gpio.o
LOAD Drivers/STM32F4xx_HAL_Driver/Src/stm32f4xx_hal_pwr.o
LOAD Drivers/STM32F4xx_HAL_Driver/Src/stm32f4xx_hal_pwr_ex.o
LOAD Drivers/STM32F4xx_HAL_Driver/Src/stm32f4xx_hal_rcc.o
LOAD Drivers/STM32F4xx_HAL_Driver/Src/stm32f4xx_hal_rcc_ex.o
LOAD Drivers/STM32F4xx_HAL_Driver/Src/stm32f4xx_hal_spi.o
LOAD Drivers/STM32F4xx_HAL_Driver/Src/stm32f4xx_hal_tim.o
LOAD Drivers/STM32F4xx_HAL_Driver/Src/stm32f4xx_hal_tim_ex.o
LOAD Drivers/STM32F4xx_HAL_Driver/Src/stm32f4xx_hal_uart.o
START GROUP
LOAD /Applications/STM32CubeIDE.app/Contents/Eclipse/plugins/com.st.stm32cube.ide.mcu.externaltools.gnu-tools-for-stm32.7-2018-q2-update.macos64_1.0.0.201904181610/tools/bin/../lib/gcc/arm-none-eabi/7.3.1/../../../../arm-none-eabi/lib/thumb/v7e-m/fpv4-sp/hard/libc_nano.a
LOAD /Applications/STM32CubeIDE.app/Contents/Eclipse/plugins/com.st.stm32cube.ide.mcu.externaltools.gnu-tools-for-stm32.7-2018-q2-update.macos64_1.0.0.201904181610/tools/bin/../lib/gcc/arm-none-eabi/7.3.1/../../../../arm-none-eabi/lib/thumb/v7e-m/fpv4-sp/hard/libm.a
END GROUP
START GROUP
LOAD /Applications/STM32CubeIDE.app/Contents/Eclipse/plugins/com.st.stm32cube.ide.mcu.externaltools.gnu-tools-for-stm32.7-2018-q2-update.macos64_1.0.0.201904181610/tools/bin/../lib/gcc/arm-none-eabi/7.3.1/thumb/v7e-m/fpv4-sp/hard/libgcc.a
LOAD /Applications/STM32CubeIDE.app/Contents/Eclipse/plugins/com.st.stm32cube.ide.mcu.externaltools.gnu-tools-for-stm32.7-2018-q2-update.macos64_1.0.0.201904181610/tools/bin/../lib/gcc/arm-none-eabi/7.3.1/../../../../arm-none-eabi/lib/thumb/v7e-m/fpv4-sp/hard/libc_nano.a
END GROUP
START GROUP
LOAD /Applications/STM32CubeIDE.app/Contents/Eclipse/plugins/com.st.stm32cube.ide.mcu.externaltools.gnu-tools-for-stm32.7-2018-q2-update.macos64_1.0.0.201904181610/tools/bin/../lib/gcc/arm-none-eabi/7.3.1/thumb/v7e-m/fpv4-sp/hard/libgcc.a
LOAD /Applications/STM32CubeIDE.app/Contents/Eclipse/plugins/com.st.stm32cube.ide.mcu.externaltools.gnu-tools-for-stm32.7-2018-q2-update.macos64_1.0.0.201904181610/tools/bin/../lib/gcc/arm-none-eabi/7.3.1/../../../../arm-none-eabi/lib/thumb/v7e-m/fpv4-sp/hard/libc_nano.a
LOAD /Applications/STM32CubeIDE.app/Contents/Eclipse/plugins/com.st.stm32cube.ide.mcu.externaltools.gnu-tools-for-stm32.7-2018-q2-update.macos64_1.0.0.201904181610/tools/bin/../lib/gcc/arm-none-eabi/7.3.1/../../../../arm-none-eabi/lib/thumb/v7e-m/fpv4-sp/hard/libnosys.a
END GROUP
START GROUP
LOAD /Applications/STM32CubeIDE.app/Contents/Eclipse/plugins/com.st.stm32cube.ide.mcu.externaltools.gnu-tools-for-stm32.7-2018-q2-update.macos64_1.0.0.201904181610/tools/bin/../lib/gcc/arm-none-eabi/7.3.1/thumb/v7e-m/fpv4-sp/hard/libgcc.a
LOAD /Applications/STM32CubeIDE.app/Contents/Eclipse/plugins/com.st.stm32cube.ide.mcu.externaltools.gnu-tools-for-stm32.7-2018-q2-update.macos64_1.0.0.201904181610/tools/bin/../lib/gcc/arm-none-eabi/7.3.1/../../../../arm-none-eabi/lib/thumb/v7e-m/fpv4-sp/hard/libc_nano.a
LOAD /Applications/STM32CubeIDE.app/Contents/Eclipse/plugins/com.st.stm32cube.ide.mcu.externaltools.gnu-tools-for-stm32.7-2018-q2-update.macos64_1.0.0.201904181610/tools/bin/../lib/gcc/arm-none-eabi/7.3.1/../../../../arm-none-eabi/lib/thumb/v7e-m/fpv4-sp/hard/libnosys.a
END GROUP
LOAD /Applications/STM32CubeIDE.app/Contents/Eclipse/plugins/com.st.stm32cube.ide.mcu.externaltools.gnu-tools-for-stm32.7-2018-q2-update.macos64_1.0.0.201904181610/tools/bin/../lib/gcc/arm-none-eabi/7.3.1/thumb/v7e-m/fpv4-sp/hard/crtend.o
LOAD /Applications/STM32CubeIDE.app/Contents/Eclipse/plugins/com.st.stm32cube.ide.mcu.externaltools.gnu-tools-for-stm32.7-2018-q2-update.macos64_1.0.0.201904181610/tools/bin/../lib/gcc/arm-none-eabi/7.3.1/thumb/v7e-m/fpv4-sp/hard/crtn.o
                0x0000000020030000                _estack = (ORIGIN (RAM) + LENGTH (RAM))
                0x0000000000000200                _Min_Heap_Size = 0x200
                0x0000000000000400                _Min_Stack_Size = 0x400

.isr_vector     0x0000000008000000      0x1ac
                0x0000000008000000                . = ALIGN (0x4)
 *(.isr_vector)
 .isr_vector    0x0000000008000000      0x1ac Core/Startup/startup_stm32f429zitx.o
                0x0000000008000000                g_pfnVectors
                0x00000000080001ac                . = ALIGN (0x4)

.text           0x00000000080001ac     0x4f28
                0x00000000080001ac                . = ALIGN (0x4)
 *(.text)
 .text          0x00000000080001ac       0x40 /Applications/STM32CubeIDE.app/Contents/Eclipse/plugins/com.st.stm32cube.ide.mcu.externaltools.gnu-tools-for-stm32.7-2018-q2-update.macos64_1.0.0.201904181610/tools/bin/../lib/gcc/arm-none-eabi/7.3.1/thumb/v7e-m/fpv4-sp/hard/crtbegin.o
 .text          0x00000000080001ec       0x30 /Applications/STM32CubeIDE.app/Contents/Eclipse/plugins/com.st.stm32cube.ide.mcu.externaltools.gnu-tools-for-stm32.7-2018-q2-update.macos64_1.0.0.201904181610/tools/bin/../lib/gcc/arm-none-eabi/7.3.1/thumb/v7e-m/fpv4-sp/hard/libgcc.a(_aeabi_uldivmod.o)
                0x00000000080001ec                __aeabi_uldivmod
 .text          0x000000000800021c      0x2cc /Applications/STM32CubeIDE.app/Contents/Eclipse/plugins/com.st.stm32cube.ide.mcu.externaltools.gnu-tools-for-stm32.7-2018-q2-update.macos64_1.0.0.201904181610/tools/bin/../lib/gcc/arm-none-eabi/7.3.1/thumb/v7e-m/fpv4-sp/hard/libgcc.a(_udivmoddi4.o)
                0x000000000800021c                __udivmoddi4
 .text          0x00000000080004e8        0x4 /Applications/STM32CubeIDE.app/Contents/Eclipse/plugins/com.st.stm32cube.ide.mcu.externaltools.gnu-tools-for-stm32.7-2018-q2-update.macos64_1.0.0.201904181610/tools/bin/../lib/gcc/arm-none-eabi/7.3.1/thumb/v7e-m/fpv4-sp/hard/libgcc.a(_dvmd_tls.o)
                0x00000000080004e8                __aeabi_ldiv0
                0x00000000080004e8                __aeabi_idiv0
 *(.text*)
 .text.MX_ADC1_Init
                0x00000000080004ec      0x154 Core/Src/adc.o
                0x00000000080004ec                MX_ADC1_Init
 .text.MX_ADC3_Init
                0x0000000008000640      0x134 Core/Src/adc.o
                0x0000000008000640                MX_ADC3_Init
 .text.HAL_ADC_MspInit
                0x0000000008000774      0x230 Core/Src/adc.o
                0x0000000008000774                HAL_ADC_MspInit
 .text.MX_DAC_Init
                0x00000000080009a4       0x54 Core/Src/dac.o
                0x00000000080009a4                MX_DAC_Init
 .text.HAL_DAC_MspInit
                0x00000000080009f8       0x88 Core/Src/dac.o
                0x00000000080009f8                HAL_DAC_MspInit
 .text.MX_DMA_Init
                0x0000000008000a80       0x50 Core/Src/dma.o
                0x0000000008000a80                MX_DMA_Init
 .text.MX_ETH_Init
                0x0000000008000ad0       0x80 Core/Src/eth.o
                0x0000000008000ad0                MX_ETH_Init
 .text.HAL_ETH_MspInit
                0x0000000008000b50      0x14c Core/Src/eth.o
                0x0000000008000b50                HAL_ETH_MspInit
 .text.MX_GPIO_Init
                0x0000000008000c9c       0xec Core/Src/gpio.o
                0x0000000008000c9c                MX_GPIO_Init
 .text.main     0x0000000008000d88       0x60 Core/Src/main.o
                0x0000000008000d88                main
 .text.SystemClock_Config
                0x0000000008000de8       0xd4 Core/Src/main.o
                0x0000000008000de8                SystemClock_Config
 .text.HAL_TIM_PeriodElapsedCallback
                0x0000000008000ebc       0x24 Core/Src/main.o
                0x0000000008000ebc                HAL_TIM_PeriodElapsedCallback
 .text.Error_Handler
                0x0000000008000ee0        0xe Core/Src/main.o
                0x0000000008000ee0                Error_Handler
 *fill*         0x0000000008000eee        0x2 
 .text.MX_SPI1_Init
                0x0000000008000ef0       0x6c Core/Src/spi.o
                0x0000000008000ef0                MX_SPI1_Init
 .text.HAL_SPI_MspInit
                0x0000000008000f5c       0x90 Core/Src/spi.o
                0x0000000008000f5c                HAL_SPI_MspInit
 .text.HAL_MspInit
                0x0000000008000fec       0x50 Core/Src/stm32f4xx_hal_msp.o
                0x0000000008000fec                HAL_MspInit
 .text.NMI_Handler
                0x000000000800103c        0xe Core/Src/stm32f4xx_it.o
                0x000000000800103c                NMI_Handler
 .text.HardFault_Handler
                0x000000000800104a        0x6 Core/Src/stm32f4xx_it.o
                0x000000000800104a                HardFault_Handler
 .text.MemManage_Handler
                0x0000000008001050        0x6 Core/Src/stm32f4xx_it.o
                0x0000000008001050                MemManage_Handler
 .text.BusFault_Handler
                0x0000000008001056        0x6 Core/Src/stm32f4xx_it.o
                0x0000000008001056                BusFault_Handler
 .text.UsageFault_Handler
                0x000000000800105c        0x6 Core/Src/stm32f4xx_it.o
                0x000000000800105c                UsageFault_Handler
 .text.SVC_Handler
                0x0000000008001062        0xe Core/Src/stm32f4xx_it.o
                0x0000000008001062                SVC_Handler
 .text.DebugMon_Handler
                0x0000000008001070        0xe Core/Src/stm32f4xx_it.o
                0x0000000008001070                DebugMon_Handler
 .text.PendSV_Handler
                0x000000000800107e        0xe Core/Src/stm32f4xx_it.o
                0x000000000800107e                PendSV_Handler
 .text.SysTick_Handler
                0x000000000800108c        0xc Core/Src/stm32f4xx_it.o
                0x000000000800108c                SysTick_Handler
 .text.TIM2_IRQHandler
                0x0000000008001098       0x14 Core/Src/stm32f4xx_it.o
                0x0000000008001098                TIM2_IRQHandler
 .text.USART1_IRQHandler
                0x00000000080010ac       0x14 Core/Src/stm32f4xx_it.o
                0x00000000080010ac                USART1_IRQHandler
 .text.DMA2_Stream0_IRQHandler
                0x00000000080010c0       0x14 Core/Src/stm32f4xx_it.o
                0x00000000080010c0                DMA2_Stream0_IRQHandler
 .text.DMA2_Stream4_IRQHandler
                0x00000000080010d4       0x14 Core/Src/stm32f4xx_it.o
                0x00000000080010d4                DMA2_Stream4_IRQHandler
 .text.SystemInit
                0x00000000080010e8       0x2c Core/Src/system_stm32f4xx.o
                0x00000000080010e8                SystemInit
 .text.MX_TIM2_Init
                0x0000000008001114       0x9c Core/Src/tim.o
                0x0000000008001114                MX_TIM2_Init
 .text.HAL_TIM_Base_MspInit
                0x00000000080011b0       0x4c Core/Src/tim.o
                0x00000000080011b0                HAL_TIM_Base_MspInit
 .text.MX_USART1_UART_Init
                0x00000000080011fc       0x54 Core/Src/usart.o
                0x00000000080011fc                MX_USART1_UART_Init
 .text.HAL_UART_MspInit
                0x0000000008001250       0xa0 Core/Src/usart.o
                0x0000000008001250                HAL_UART_MspInit
 .text.Reset_Handler
                0x00000000080012f0       0x50 Core/Startup/startup_stm32f429zitx.o
                0x00000000080012f0                Reset_Handler
 .text.Default_Handler
                0x0000000008001340        0x2 Core/Startup/startup_stm32f429zitx.o
                0x0000000008001340                DMA1_Stream3_IRQHandler
                0x0000000008001340                HASH_RNG_IRQHandler
                0x0000000008001340                EXTI2_IRQHandler
                0x0000000008001340                TIM8_CC_IRQHandler
                0x0000000008001340                UART8_IRQHandler
                0x0000000008001340                SPI4_IRQHandler
                0x0000000008001340                TIM1_CC_IRQHandler
                0x0000000008001340                DMA2_Stream5_IRQHandler
                0x0000000008001340                DMA1_Stream5_IRQHandler
                0x0000000008001340                PVD_IRQHandler
                0x0000000008001340                SDIO_IRQHandler
                0x0000000008001340                TAMP_STAMP_IRQHandler
                0x0000000008001340                CAN2_RX1_IRQHandler
                0x0000000008001340                EXTI3_IRQHandler
                0x0000000008001340                TIM8_TRG_COM_TIM14_IRQHandler
                0x0000000008001340                TIM1_UP_TIM10_IRQHandler
                0x0000000008001340                TIM8_UP_TIM13_IRQHandler
                0x0000000008001340                I2C3_ER_IRQHandler
                0x0000000008001340                EXTI0_IRQHandler
                0x0000000008001340                I2C2_EV_IRQHandler
                0x0000000008001340                DMA1_Stream2_IRQHandler
                0x0000000008001340                CAN1_RX0_IRQHandler
                0x0000000008001340                FPU_IRQHandler
                0x0000000008001340                OTG_HS_WKUP_IRQHandler
                0x0000000008001340                LTDC_ER_IRQHandler
                0x0000000008001340                CAN2_SCE_IRQHandler
                0x0000000008001340                DMA2_Stream2_IRQHandler
                0x0000000008001340                SPI1_IRQHandler
                0x0000000008001340                TIM6_DAC_IRQHandler
                0x0000000008001340                TIM1_BRK_TIM9_IRQHandler
                0x0000000008001340                DCMI_IRQHandler
                0x0000000008001340                CAN2_RX0_IRQHandler
                0x0000000008001340                DMA2_Stream3_IRQHandler
                0x0000000008001340                USART6_IRQHandler
                0x0000000008001340                USART3_IRQHandler
                0x0000000008001340                CAN1_RX1_IRQHandler
                0x0000000008001340                UART5_IRQHandler
                0x0000000008001340                TIM4_IRQHandler
                0x0000000008001340                I2C1_EV_IRQHandler
                0x0000000008001340                DMA1_Stream6_IRQHandler
                0x0000000008001340                DMA1_Stream1_IRQHandler
                0x0000000008001340                UART4_IRQHandler
                0x0000000008001340                TIM3_IRQHandler
                0x0000000008001340                RCC_IRQHandler
                0x0000000008001340                TIM8_BRK_TIM12_IRQHandler
                0x0000000008001340                Default_Handler
                0x0000000008001340                EXTI15_10_IRQHandler
                0x0000000008001340                ADC_IRQHandler
                0x0000000008001340                DMA1_Stream7_IRQHandler
                0x0000000008001340                SPI5_IRQHandler
                0x0000000008001340                TIM7_IRQHandler
                0x0000000008001340                CAN2_TX_IRQHandler
                0x0000000008001340                TIM5_IRQHandler
                0x0000000008001340                DMA2_Stream7_IRQHandler
                0x0000000008001340                I2C3_EV_IRQHandler
                0x0000000008001340                EXTI9_5_IRQHandler
                0x0000000008001340                RTC_WKUP_IRQHandler
                0x0000000008001340                LTDC_IRQHandler
                0x0000000008001340                ETH_WKUP_IRQHandler
                0x0000000008001340                SPI2_IRQHandler
                0x0000000008001340                OTG_HS_EP1_IN_IRQHandler
                0x0000000008001340                DMA1_Stream0_IRQHandler
                0x0000000008001340                CAN1_TX_IRQHandler
                0x0000000008001340                EXTI4_IRQHandler
                0x0000000008001340                ETH_IRQHandler
                0x0000000008001340                OTG_HS_EP1_OUT_IRQHandler
                0x0000000008001340                WWDG_IRQHandler
                0x0000000008001340                SPI6_IRQHandler
                0x0000000008001340                OTG_FS_WKUP_IRQHandler
                0x0000000008001340                TIM1_TRG_COM_TIM11_IRQHandler
                0x0000000008001340                OTG_HS_IRQHandler
                0x0000000008001340                DMA2D_IRQHandler
                0x0000000008001340                EXTI1_IRQHandler
                0x0000000008001340                UART7_IRQHandler
                0x0000000008001340                USART2_IRQHandler
                0x0000000008001340                I2C2_ER_IRQHandler
                0x0000000008001340                DMA2_Stream1_IRQHandler
                0x0000000008001340                CAN1_SCE_IRQHandler
                0x0000000008001340                FLASH_IRQHandler
                0x0000000008001340                OTG_FS_IRQHandler
                0x0000000008001340                SPI3_IRQHandler
                0x0000000008001340                DMA1_Stream4_IRQHandler
                0x0000000008001340                I2C1_ER_IRQHandler
                0x0000000008001340                FMC_IRQHandler
                0x0000000008001340                DMA2_Stream6_IRQHandler
                0x0000000008001340                SAI1_IRQHandler
                0x0000000008001340                RTC_Alarm_IRQHandler
 *fill*         0x0000000008001342        0x2 
 .text.HAL_Init
                0x0000000008001344       0x44 Drivers/STM32F4xx_HAL_Driver/Src/stm32f4xx_hal.o
                0x0000000008001344                HAL_Init
 .text.HAL_InitTick
                0x0000000008001388       0x60 Drivers/STM32F4xx_HAL_Driver/Src/stm32f4xx_hal.o
                0x0000000008001388                HAL_InitTick
 .text.HAL_IncTick
                0x00000000080013e8       0x28 Drivers/STM32F4xx_HAL_Driver/Src/stm32f4xx_hal.o
                0x00000000080013e8                HAL_IncTick
 .text.HAL_GetTick
                0x0000000008001410       0x18 Drivers/STM32F4xx_HAL_Driver/Src/stm32f4xx_hal.o
                0x0000000008001410                HAL_GetTick
 .text.HAL_Delay
                0x0000000008001428       0x44 Drivers/STM32F4xx_HAL_Driver/Src/stm32f4xx_hal.o
                0x0000000008001428                HAL_Delay
 .text.HAL_ADC_Init
                0x000000000800146c       0x86 Drivers/STM32F4xx_HAL_Driver/Src/stm32f4xx_hal_adc.o
                0x000000000800146c                HAL_ADC_Init
 *fill*         0x00000000080014f2        0x2 
 .text.HAL_ADC_Start_DMA
                0x00000000080014f4      0x1e4 Drivers/STM32F4xx_HAL_Driver/Src/stm32f4xx_hal_adc.o
                0x00000000080014f4                HAL_ADC_Start_DMA
 .text.HAL_ADC_ConvCpltCallback
                0x00000000080016d8       0x14 Drivers/STM32F4xx_HAL_Driver/Src/stm32f4xx_hal_adc.o
                0x00000000080016d8                HAL_ADC_ConvCpltCallback
 .text.HAL_ADC_ConvHalfCpltCallback
                0x00000000080016ec       0x14 Drivers/STM32F4xx_HAL_Driver/Src/stm32f4xx_hal_adc.o
                0x00000000080016ec                HAL_ADC_ConvHalfCpltCallback
 .text.HAL_ADC_ErrorCallback
                0x0000000008001700       0x14 Drivers/STM32F4xx_HAL_Driver/Src/stm32f4xx_hal_adc.o
                0x0000000008001700                HAL_ADC_ErrorCallback
 .text.HAL_ADC_ConfigChannel
                0x0000000008001714      0x264 Drivers/STM32F4xx_HAL_Driver/Src/stm32f4xx_hal_adc.o
                0x0000000008001714                HAL_ADC_ConfigChannel
 .text.ADC_Init
                0x0000000008001978      0x1f8 Drivers/STM32F4xx_HAL_Driver/Src/stm32f4xx_hal_adc.o
 .text.ADC_DMAConvCplt
                0x0000000008001b70       0xba Drivers/STM32F4xx_HAL_Driver/Src/stm32f4xx_hal_adc.o
 .text.ADC_DMAHalfConvCplt
                0x0000000008001c2a       0x1c Drivers/STM32F4xx_HAL_Driver/Src/stm32f4xx_hal_adc.o
 .text.ADC_DMAError
                0x0000000008001c46       0x2e Drivers/STM32F4xx_HAL_Driver/Src/stm32f4xx_hal_adc.o
 .text.__NVIC_SetPriorityGrouping
                0x0000000008001c74       0x48 Drivers/STM32F4xx_HAL_Driver/Src/stm32f4xx_hal_cortex.o
 .text.__NVIC_GetPriorityGrouping
                0x0000000008001cbc       0x1c Drivers/STM32F4xx_HAL_Driver/Src/stm32f4xx_hal_cortex.o
 .text.__NVIC_EnableIRQ
                0x0000000008001cd8       0x3c Drivers/STM32F4xx_HAL_Driver/Src/stm32f4xx_hal_cortex.o
 .text.__NVIC_SetPriority
                0x0000000008001d14       0x54 Drivers/STM32F4xx_HAL_Driver/Src/stm32f4xx_hal_cortex.o
 .text.NVIC_EncodePriority
                0x0000000008001d68       0x66 Drivers/STM32F4xx_HAL_Driver/Src/stm32f4xx_hal_cortex.o
 *fill*         0x0000000008001dce        0x2 
 .text.SysTick_Config
                0x0000000008001dd0       0x44 Drivers/STM32F4xx_HAL_Driver/Src/stm32f4xx_hal_cortex.o
 .text.HAL_NVIC_SetPriorityGrouping
                0x0000000008001e14       0x16 Drivers/STM32F4xx_HAL_Driver/Src/stm32f4xx_hal_cortex.o
                0x0000000008001e14                HAL_NVIC_SetPriorityGrouping
 .text.HAL_NVIC_SetPriority
                0x0000000008001e2a       0x38 Drivers/STM32F4xx_HAL_Driver/Src/stm32f4xx_hal_cortex.o
                0x0000000008001e2a                HAL_NVIC_SetPriority
 .text.HAL_NVIC_EnableIRQ
                0x0000000008001e62       0x1c Drivers/STM32F4xx_HAL_Driver/Src/stm32f4xx_hal_cortex.o
                0x0000000008001e62                HAL_NVIC_EnableIRQ
 .text.HAL_SYSTICK_Config
                0x0000000008001e7e       0x18 Drivers/STM32F4xx_HAL_Driver/Src/stm32f4xx_hal_cortex.o
                0x0000000008001e7e                HAL_SYSTICK_Config
 .text.HAL_DAC_Init
                0x0000000008001e96       0x44 Drivers/STM32F4xx_HAL_Driver/Src/stm32f4xx_hal_dac.o
                0x0000000008001e96                HAL_DAC_Init
 .text.HAL_DAC_ConfigChannel
                0x0000000008001eda       0x9a Drivers/STM32F4xx_HAL_Driver/Src/stm32f4xx_hal_dac.o
                0x0000000008001eda                HAL_DAC_ConfigChannel
 .text.HAL_DMA_Init
                0x0000000008001f74      0x15c Drivers/STM32F4xx_HAL_Driver/Src/stm32f4xx_hal_dma.o
                0x0000000008001f74                HAL_DMA_Init
 .text.HAL_DMA_Start_IT
                0x00000000080020d0       0xb0 Drivers/STM32F4xx_HAL_Driver/Src/stm32f4xx_hal_dma.o
                0x00000000080020d0                HAL_DMA_Start_IT
 .text.HAL_DMA_Abort_IT
                0x0000000008002180       0x44 Drivers/STM32F4xx_HAL_Driver/Src/stm32f4xx_hal_dma.o
                0x0000000008002180                HAL_DMA_Abort_IT
 .text.HAL_DMA_IRQHandler
                0x00000000080021c4      0x314 Drivers/STM32F4xx_HAL_Driver/Src/stm32f4xx_hal_dma.o
                0x00000000080021c4                HAL_DMA_IRQHandler
 .text.DMA_SetConfig
                0x00000000080024d8       0x5c Drivers/STM32F4xx_HAL_Driver/Src/stm32f4xx_hal_dma.o
 .text.DMA_CalcBaseAndBitshift
                0x0000000008002534       0x6c Drivers/STM32F4xx_HAL_Driver/Src/stm32f4xx_hal_dma.o
 .text.DMA_CheckFifoParam
                0x00000000080025a0       0xf4 Drivers/STM32F4xx_HAL_Driver/Src/stm32f4xx_hal_dma.o
 .text.HAL_ETH_Init
                0x0000000008002694      0x33c Drivers/STM32F4xx_HAL_Driver/Src/stm32f4xx_hal_eth.o
                0x0000000008002694                HAL_ETH_Init
 .text.HAL_ETH_ReadPHYRegister
                0x00000000080029d0       0xd0 Drivers/STM32F4xx_HAL_Driver/Src/stm32f4xx_hal_eth.o
                0x00000000080029d0                HAL_ETH_ReadPHYRegister
 .text.HAL_ETH_WritePHYRegister
                0x0000000008002aa0       0xcc Drivers/STM32F4xx_HAL_Driver/Src/stm32f4xx_hal_eth.o
                0x0000000008002aa0                HAL_ETH_WritePHYRegister
 .text.ETH_MACDMAConfig
                0x0000000008002b6c      0x394 Drivers/STM32F4xx_HAL_Driver/Src/stm32f4xx_hal_eth.o
 .text.ETH_MACAddressConfig
                0x0000000008002f00       0x70 Drivers/STM32F4xx_HAL_Driver/Src/stm32f4xx_hal_eth.o
 .text.HAL_GPIO_Init
                0x0000000008002f70      0x354 Drivers/STM32F4xx_HAL_Driver/Src/stm32f4xx_hal_gpio.o
                0x0000000008002f70                HAL_GPIO_Init
 .text.HAL_RCC_OscConfig
                0x00000000080032c4      0x4e0 Drivers/STM32F4xx_HAL_Driver/Src/stm32f4xx_hal_rcc.o
                0x00000000080032c4                HAL_RCC_OscConfig
 .text.HAL_RCC_ClockConfig
                0x00000000080037a4      0x1cc Drivers/STM32F4xx_HAL_Driver/Src/stm32f4xx_hal_rcc.o
                0x00000000080037a4                HAL_RCC_ClockConfig
 .text.HAL_RCC_GetSysClockFreq
                0x0000000008003970      0x1b0 Drivers/STM32F4xx_HAL_Driver/Src/stm32f4xx_hal_rcc.o
                0x0000000008003970                HAL_RCC_GetSysClockFreq
 .text.HAL_RCC_GetHCLKFreq
                0x0000000008003b20       0x18 Drivers/STM32F4xx_HAL_Driver/Src/stm32f4xx_hal_rcc.o
                0x0000000008003b20                HAL_RCC_GetHCLKFreq
 .text.HAL_RCC_GetPCLK1Freq
                0x0000000008003b38       0x28 Drivers/STM32F4xx_HAL_Driver/Src/stm32f4xx_hal_rcc.o
                0x0000000008003b38                HAL_RCC_GetPCLK1Freq
 .text.HAL_RCC_GetPCLK2Freq
                0x0000000008003b60       0x28 Drivers/STM32F4xx_HAL_Driver/Src/stm32f4xx_hal_rcc.o
                0x0000000008003b60                HAL_RCC_GetPCLK2Freq
 .text.HAL_SPI_Init
                0x0000000008003b88       0xc8 Drivers/STM32F4xx_HAL_Driver/Src/stm32f4xx_hal_spi.o
                0x0000000008003b88                HAL_SPI_Init
 .text.HAL_TIM_Base_Init
                0x0000000008003c50       0x56 Drivers/STM32F4xx_HAL_Driver/Src/stm32f4xx_hal_tim.o
                0x0000000008003c50                HAL_TIM_Base_Init
 .text.HAL_TIM_Base_Start_IT
                0x0000000008003ca6       0x48 Drivers/STM32F4xx_HAL_Driver/Src/stm32f4xx_hal_tim.o
                0x0000000008003ca6                HAL_TIM_Base_Start_IT
 .text.HAL_TIM_IRQHandler
                0x0000000008003cee      0x210 Drivers/STM32F4xx_HAL_Driver/Src/stm32f4xx_hal_tim.o
                0x0000000008003cee                HAL_TIM_IRQHandler
 .text.HAL_TIM_ConfigClockSource
                0x0000000008003efe      0x16e Drivers/STM32F4xx_HAL_Driver/Src/stm32f4xx_hal_tim.o
                0x0000000008003efe                HAL_TIM_ConfigClockSource
 .text.HAL_TIM_OC_DelayElapsedCallback
                0x000000000800406c       0x14 Drivers/STM32F4xx_HAL_Driver/Src/stm32f4xx_hal_tim.o
                0x000000000800406c                HAL_TIM_OC_DelayElapsedCallback
 .text.HAL_TIM_IC_CaptureCallback
                0x0000000008004080       0x14 Drivers/STM32F4xx_HAL_Driver/Src/stm32f4xx_hal_tim.o
                0x0000000008004080                HAL_TIM_IC_CaptureCallback
 .text.HAL_TIM_PWM_PulseFinishedCallback
                0x0000000008004094       0x14 Drivers/STM32F4xx_HAL_Driver/Src/stm32f4xx_hal_tim.o
                0x0000000008004094                HAL_TIM_PWM_PulseFinishedCallback
 .text.HAL_TIM_TriggerCallback
                0x00000000080040a8       0x14 Drivers/STM32F4xx_HAL_Driver/Src/stm32f4xx_hal_tim.o
                0x00000000080040a8                HAL_TIM_TriggerCallback
 .text.TIM_Base_SetConfig
                0x00000000080040bc      0x140 Drivers/STM32F4xx_HAL_Driver/Src/stm32f4xx_hal_tim.o
                0x00000000080040bc                TIM_Base_SetConfig
 .text.TIM_TI1_ConfigInputStage
                0x00000000080041fc       0x5e Drivers/STM32F4xx_HAL_Driver/Src/stm32f4xx_hal_tim.o
 .text.TIM_TI2_ConfigInputStage
                0x000000000800425a       0x60 Drivers/STM32F4xx_HAL_Driver/Src/stm32f4xx_hal_tim.o
 .text.TIM_ITRx_SetConfig
                0x00000000080042ba       0x36 Drivers/STM32F4xx_HAL_Driver/Src/stm32f4xx_hal_tim.o
 .text.TIM_ETR_SetConfig
                0x00000000080042f0       0x40 Drivers/STM32F4xx_HAL_Driver/Src/stm32f4xx_hal_tim.o
                0x00000000080042f0                TIM_ETR_SetConfig
 .text.HAL_TIMEx_MasterConfigSynchronization
                0x0000000008004330       0xf8 Drivers/STM32F4xx_HAL_Driver/Src/stm32f4xx_hal_tim_ex.o
                0x0000000008004330                HAL_TIMEx_MasterConfigSynchronization
 .text.HAL_TIMEx_CommutCallback
                0x0000000008004428       0x14 Drivers/STM32F4xx_HAL_Driver/Src/stm32f4xx_hal_tim_ex.o
                0x0000000008004428                HAL_TIMEx_CommutCallback
 .text.HAL_TIMEx_BreakCallback
                0x000000000800443c       0x14 Drivers/STM32F4xx_HAL_Driver/Src/stm32f4xx_hal_tim_ex.o
                0x000000000800443c                HAL_TIMEx_BreakCallback
 .text.HAL_UART_Init
                0x0000000008004450       0x9a Drivers/STM32F4xx_HAL_Driver/Src/stm32f4xx_hal_uart.o
                0x0000000008004450                HAL_UART_Init
 *fill*         0x00000000080044ea        0x2 
 .text.HAL_UART_IRQHandler
                0x00000000080044ec      0x200 Drivers/STM32F4xx_HAL_Driver/Src/stm32f4xx_hal_uart.o
                0x00000000080044ec                HAL_UART_IRQHandler
 .text.HAL_UART_TxCpltCallback
                0x00000000080046ec       0x14 Drivers/STM32F4xx_HAL_Driver/Src/stm32f4xx_hal_uart.o
                0x00000000080046ec                HAL_UART_TxCpltCallback
 .text.HAL_UART_RxCpltCallback
                0x0000000008004700       0x14 Drivers/STM32F4xx_HAL_Driver/Src/stm32f4xx_hal_uart.o
                0x0000000008004700                HAL_UART_RxCpltCallback
 .text.HAL_UART_ErrorCallback
                0x0000000008004714       0x14 Drivers/STM32F4xx_HAL_Driver/Src/stm32f4xx_hal_uart.o
                0x0000000008004714                HAL_UART_ErrorCallback
 .text.UART_EndRxTransfer
                0x0000000008004728       0x3c Drivers/STM32F4xx_HAL_Driver/Src/stm32f4xx_hal_uart.o
 .text.UART_DMAAbortOnError
                0x0000000008004764       0x28 Drivers/STM32F4xx_HAL_Driver/Src/stm32f4xx_hal_uart.o
 .text.UART_Transmit_IT
                0x000000000800478c       0xac Drivers/STM32F4xx_HAL_Driver/Src/stm32f4xx_hal_uart.o
 .text.UART_EndTransmit_IT
                0x0000000008004838       0x30 Drivers/STM32F4xx_HAL_Driver/Src/stm32f4xx_hal_uart.o
 .text.UART_Receive_IT
                0x0000000008004868      0x102 Drivers/STM32F4xx_HAL_Driver/Src/stm32f4xx_hal_uart.o
 *fill*         0x000000000800496a        0x2 
 .text.UART_SetConfig
                0x000000000800496c      0x6f8 Drivers/STM32F4xx_HAL_Driver/Src/stm32f4xx_hal_uart.o
 .text.__libc_init_array
                0x0000000008005064       0x48 /Applications/STM32CubeIDE.app/Contents/Eclipse/plugins/com.st.stm32cube.ide.mcu.externaltools.gnu-tools-for-stm32.7-2018-q2-update.macos64_1.0.0.201904181610/tools/bin/../lib/gcc/arm-none-eabi/7.3.1/../../../../arm-none-eabi/lib/thumb/v7e-m/fpv4-sp/hard/libc_nano.a(lib_a-init.o)
                0x0000000008005064                __libc_init_array
 .text.memset   0x00000000080050ac       0x10 /Applications/STM32CubeIDE.app/Contents/Eclipse/plugins/com.st.stm32cube.ide.mcu.externaltools.gnu-tools-for-stm32.7-2018-q2-update.macos64_1.0.0.201904181610/tools/bin/../lib/gcc/arm-none-eabi/7.3.1/../../../../arm-none-eabi/lib/thumb/v7e-m/fpv4-sp/hard/libc_nano.a(lib_a-memset.o)
                0x00000000080050ac                memset
 *(.glue_7)
 .glue_7        0x00000000080050bc        0x0 linker stubs
 *(.glue_7t)
 .glue_7t       0x00000000080050bc        0x0 linker stubs
 *(.eh_frame)
 .eh_frame      0x00000000080050bc        0x0 /Applications/STM32CubeIDE.app/Contents/Eclipse/plugins/com.st.stm32cube.ide.mcu.externaltools.gnu-tools-for-stm32.7-2018-q2-update.macos64_1.0.0.201904181610/tools/bin/../lib/gcc/arm-none-eabi/7.3.1/thumb/v7e-m/fpv4-sp/hard/crtbegin.o
 *(.init)
 .init          0x00000000080050bc        0x4 /Applications/STM32CubeIDE.app/Contents/Eclipse/plugins/com.st.stm32cube.ide.mcu.externaltools.gnu-tools-for-stm32.7-2018-q2-update.macos64_1.0.0.201904181610/tools/bin/../lib/gcc/arm-none-eabi/7.3.1/thumb/v7e-m/fpv4-sp/hard/crti.o
                0x00000000080050bc                _init
 .init          0x00000000080050c0        0x8 /Applications/STM32CubeIDE.app/Contents/Eclipse/plugins/com.st.stm32cube.ide.mcu.externaltools.gnu-tools-for-stm32.7-2018-q2-update.macos64_1.0.0.201904181610/tools/bin/../lib/gcc/arm-none-eabi/7.3.1/thumb/v7e-m/fpv4-sp/hard/crtn.o
 *(.fini)
 .fini          0x00000000080050c8        0x4 /Applications/STM32CubeIDE.app/Contents/Eclipse/plugins/com.st.stm32cube.ide.mcu.externaltools.gnu-tools-for-stm32.7-2018-q2-update.macos64_1.0.0.201904181610/tools/bin/../lib/gcc/arm-none-eabi/7.3.1/thumb/v7e-m/fpv4-sp/hard/crti.o
                0x00000000080050c8                _fini
 .fini          0x00000000080050cc        0x8 /Applications/STM32CubeIDE.app/Contents/Eclipse/plugins/com.st.stm32cube.ide.mcu.externaltools.gnu-tools-for-stm32.7-2018-q2-update.macos64_1.0.0.201904181610/tools/bin/../lib/gcc/arm-none-eabi/7.3.1/thumb/v7e-m/fpv4-sp/hard/crtn.o
                0x00000000080050d4                . = ALIGN (0x4)
                0x00000000080050d4                _etext = .

.vfp11_veneer   0x00000000080050d4        0x0
 .vfp11_veneer  0x00000000080050d4        0x0 linker stubs

.v4_bx          0x00000000080050d4        0x0
 .v4_bx         0x00000000080050d4        0x0 linker stubs

.iplt           0x00000000080050d4        0x0
 .iplt          0x00000000080050d4        0x0 /Applications/STM32CubeIDE.app/Contents/Eclipse/plugins/com.st.stm32cube.ide.mcu.externaltools.gnu-tools-for-stm32.7-2018-q2-update.macos64_1.0.0.201904181610/tools/bin/../lib/gcc/arm-none-eabi/7.3.1/thumb/v7e-m/fpv4-sp/hard/crtbegin.o

.rodata         0x00000000080050d4       0x20
                0x00000000080050d4                . = ALIGN (0x4)
 *(.rodata)
 *(.rodata*)
 .rodata.AHBPrescTable
                0x00000000080050d4       0x10 Core/Src/system_stm32f4xx.o
                0x00000000080050d4                AHBPrescTable
 .rodata.APBPrescTable
                0x00000000080050e4        0x8 Core/Src/system_stm32f4xx.o
                0x00000000080050e4                APBPrescTable
 .rodata.flagBitshiftOffset.8761
                0x00000000080050ec        0x8 Drivers/STM32F4xx_HAL_Driver/Src/stm32f4xx_hal_dma.o
                0x00000000080050f4                . = ALIGN (0x4)

.ARM.extab      0x00000000080050f4        0x0
                0x00000000080050f4                . = ALIGN (0x4)
 *(.ARM.extab* .gnu.linkonce.armextab.*)
                0x00000000080050f4                . = ALIGN (0x4)

.ARM            0x00000000080050f4        0x8
                0x00000000080050f4                . = ALIGN (0x4)
                0x00000000080050f4                __exidx_start = .
 *(.ARM.exidx*)
 .ARM.exidx     0x00000000080050f4        0x8 /Applications/STM32CubeIDE.app/Contents/Eclipse/plugins/com.st.stm32cube.ide.mcu.externaltools.gnu-tools-for-stm32.7-2018-q2-update.macos64_1.0.0.201904181610/tools/bin/../lib/gcc/arm-none-eabi/7.3.1/thumb/v7e-m/fpv4-sp/hard/libgcc.a(_udivmoddi4.o)
                0x00000000080050fc                __exidx_end = .
                0x00000000080050fc                . = ALIGN (0x4)

.rel.dyn        0x00000000080050fc        0x0
 .rel.iplt      0x00000000080050fc        0x0 /Applications/STM32CubeIDE.app/Contents/Eclipse/plugins/com.st.stm32cube.ide.mcu.externaltools.gnu-tools-for-stm32.7-2018-q2-update.macos64_1.0.0.201904181610/tools/bin/../lib/gcc/arm-none-eabi/7.3.1/thumb/v7e-m/fpv4-sp/hard/crtbegin.o

.preinit_array  0x00000000080050fc        0x0
                0x00000000080050fc                . = ALIGN (0x4)
                0x00000000080050fc                PROVIDE (__preinit_array_start = .)
 *(.preinit_array*)
                0x00000000080050fc                PROVIDE (__preinit_array_end = .)
                0x00000000080050fc                . = ALIGN (0x4)

.init_array     0x00000000080050fc        0x4
                0x00000000080050fc                . = ALIGN (0x4)
                0x00000000080050fc                PROVIDE (__init_array_start = .)
 *(SORT_BY_NAME(.init_array.*))
 *(.init_array*)
 .init_array    0x00000000080050fc        0x4 /Applications/STM32CubeIDE.app/Contents/Eclipse/plugins/com.st.stm32cube.ide.mcu.externaltools.gnu-tools-for-stm32.7-2018-q2-update.macos64_1.0.0.201904181610/tools/bin/../lib/gcc/arm-none-eabi/7.3.1/thumb/v7e-m/fpv4-sp/hard/crtbegin.o
                0x0000000008005100                PROVIDE (__init_array_end = .)
                0x0000000008005100                . = ALIGN (0x4)

.fini_array     0x0000000008005100        0x4
                0x0000000008005100                . = ALIGN (0x4)
                [!provide]                        PROVIDE (__fini_array_start = .)
 *(SORT_BY_NAME(.fini_array.*))
 *(.fini_array*)
 .fini_array    0x0000000008005100        0x4 /Applications/STM32CubeIDE.app/Contents/Eclipse/plugins/com.st.stm32cube.ide.mcu.externaltools.gnu-tools-for-stm32.7-2018-q2-update.macos64_1.0.0.201904181610/tools/bin/../lib/gcc/arm-none-eabi/7.3.1/thumb/v7e-m/fpv4-sp/hard/crtbegin.o
                [!provide]                        PROVIDE (__fini_array_end = .)
                0x0000000008005104                . = ALIGN (0x4)
                0x0000000008005104                _sidata = LOADADDR (.data)

.data           0x0000000020000000        0xc load address 0x0000000008005104
                0x0000000020000000                . = ALIGN (0x4)
                0x0000000020000000                _sdata = .
 *(.data)
 *(.data*)
 .data.SystemCoreClock
                0x0000000020000000        0x4 Core/Src/system_stm32f4xx.o
                0x0000000020000000                SystemCoreClock
 .data.uwTickPrio
                0x0000000020000004        0x4 Drivers/STM32F4xx_HAL_Driver/Src/stm32f4xx_hal.o
                0x0000000020000004                uwTickPrio
 .data.uwTickFreq
                0x0000000020000008        0x1 Drivers/STM32F4xx_HAL_Driver/Src/stm32f4xx_hal.o
                0x0000000020000008                uwTickFreq
                0x000000002000000c                . = ALIGN (0x4)
 *fill*         0x0000000020000009        0x3 
                0x000000002000000c                _edata = .

.igot.plt       0x000000002000000c        0x0 load address 0x0000000008005110
 .igot.plt      0x000000002000000c        0x0 /Applications/STM32CubeIDE.app/Contents/Eclipse/plugins/com.st.stm32cube.ide.mcu.externaltools.gnu-tools-for-stm32.7-2018-q2-update.macos64_1.0.0.201904181610/tools/bin/../lib/gcc/arm-none-eabi/7.3.1/thumb/v7e-m/fpv4-sp/hard/crtbegin.o
                0x000000002000000c                . = ALIGN (0x4)

.bss            0x000000002000000c      0x2c4 load address 0x0000000008005110
                0x000000002000000c                _sbss = .
                0x000000002000000c                __bss_start__ = _sbss
 *(.bss)
 .bss           0x000000002000000c       0x1c /Applications/STM32CubeIDE.app/Contents/Eclipse/plugins/com.st.stm32cube.ide.mcu.externaltools.gnu-tools-for-stm32.7-2018-q2-update.macos64_1.0.0.201904181610/tools/bin/../lib/gcc/arm-none-eabi/7.3.1/thumb/v7e-m/fpv4-sp/hard/crtbegin.o
 *(.bss*)
 *(COMMON)
 COMMON         0x0000000020000028      0x150 Core/Src/adc.o
                0x0000000020000028                hdma_adc3
                0x0000000020000088                hadc1
                0x00000000200000d0                hadc3
                0x0000000020000118                hdma_adc1
 COMMON         0x0000000020000178       0x14 Core/Src/dac.o
                0x0000000020000178                hdac
 COMMON         0x000000002000018c       0x48 Core/Src/eth.o
                0x000000002000018c                heth
 COMMON         0x00000000200001d4       0x20 Core/Src/main.o
                0x00000000200001d4                timer
                0x00000000200001d8                adc1
                0x00000000200001e8                adc3
 COMMON         0x00000000200001f4       0x58 Core/Src/spi.o
                0x00000000200001f4                hspi1
 COMMON         0x000000002000024c       0x40 Core/Src/tim.o
                0x000000002000024c                htim2
 COMMON         0x000000002000028c       0x40 Core/Src/usart.o
                0x000000002000028c                huart1
 COMMON         0x00000000200002cc        0x4 Drivers/STM32F4xx_HAL_Driver/Src/stm32f4xx_hal.o
                0x00000000200002cc                uwTick
                0x00000000200002d0                . = ALIGN (0x4)
                0x00000000200002d0                _ebss = .
                0x00000000200002d0                __bss_end__ = _ebss

._user_heap_stack
                0x00000000200002d0      0x600 load address 0x0000000008005110
                0x00000000200002d0                . = ALIGN (0x8)
                0x00000000200002d0                PROVIDE (end = .)
                [!provide]                        PROVIDE (_end = .)
                0x00000000200004d0                . = (. + _Min_Heap_Size)
 *fill*         0x00000000200002d0      0x200 
                0x00000000200008d0                . = (. + _Min_Stack_Size)
 *fill*         0x00000000200004d0      0x400 
                0x00000000200008d0                . = ALIGN (0x8)

/DISCARD/
 libc.a(*)
 libm.a(*)
 libgcc.a(*)

.ARM.attributes
                0x0000000000000000       0x30
 *(.ARM.attributes)
 .ARM.attributes
                0x0000000000000000       0x22 /Applications/STM32CubeIDE.app/Contents/Eclipse/plugins/com.st.stm32cube.ide.mcu.externaltools.gnu-tools-for-stm32.7-2018-q2-update.macos64_1.0.0.201904181610/tools/bin/../lib/gcc/arm-none-eabi/7.3.1/thumb/v7e-m/fpv4-sp/hard/crti.o
 .ARM.attributes
                0x0000000000000022       0x34 /Applications/STM32CubeIDE.app/Contents/Eclipse/plugins/com.st.stm32cube.ide.mcu.externaltools.gnu-tools-for-stm32.7-2018-q2-update.macos64_1.0.0.201904181610/tools/bin/../lib/gcc/arm-none-eabi/7.3.1/thumb/v7e-m/fpv4-sp/hard/crtbegin.o
 .ARM.attributes
                0x0000000000000056       0x39 Core/Src/adc.o
 .ARM.attributes
                0x000000000000008f       0x39 Core/Src/dac.o
 .ARM.attributes
                0x00000000000000c8       0x39 Core/Src/dma.o
 .ARM.attributes
                0x0000000000000101       0x39 Core/Src/eth.o
 .ARM.attributes
                0x000000000000013a       0x39 Core/Src/gpio.o
 .ARM.attributes
                0x0000000000000173       0x39 Core/Src/main.o
 .ARM.attributes
                0x00000000000001ac       0x39 Core/Src/spi.o
 .ARM.attributes
                0x00000000000001e5       0x39 Core/Src/stm32f4xx_hal_msp.o
 .ARM.attributes
                0x000000000000021e       0x39 Core/Src/stm32f4xx_it.o
 .ARM.attributes
                0x0000000000000257       0x39 Core/Src/system_stm32f4xx.o
 .ARM.attributes
                0x0000000000000290       0x39 Core/Src/tim.o
 .ARM.attributes
                0x00000000000002c9       0x39 Core/Src/usart.o
 .ARM.attributes
                0x0000000000000302       0x21 Core/Startup/startup_stm32f429zitx.o
 .ARM.attributes
                0x0000000000000323       0x39 Drivers/STM32F4xx_HAL_Driver/Src/stm32f4xx_hal.o
 .ARM.attributes
                0x000000000000035c       0x39 Drivers/STM32F4xx_HAL_Driver/Src/stm32f4xx_hal_adc.o
 .ARM.attributes
                0x0000000000000395       0x39 Drivers/STM32F4xx_HAL_Driver/Src/stm32f4xx_hal_cortex.o
 .ARM.attributes
                0x00000000000003ce       0x39 Drivers/STM32F4xx_HAL_Driver/Src/stm32f4xx_hal_dac.o
 .ARM.attributes
                0x0000000000000407       0x39 Drivers/STM32F4xx_HAL_Driver/Src/stm32f4xx_hal_dma.o
 .ARM.attributes
                0x0000000000000440       0x39 Drivers/STM32F4xx_HAL_Driver/Src/stm32f4xx_hal_eth.o
 .ARM.attributes
                0x0000000000000479       0x39 Drivers/STM32F4xx_HAL_Driver/Src/stm32f4xx_hal_gpio.o
 .ARM.attributes
                0x00000000000004b2       0x39 Drivers/STM32F4xx_HAL_Driver/Src/stm32f4xx_hal_rcc.o
 .ARM.attributes
                0x00000000000004eb       0x39 Drivers/STM32F4xx_HAL_Driver/Src/stm32f4xx_hal_spi.o
 .ARM.attributes
                0x0000000000000524       0x39 Drivers/STM32F4xx_HAL_Driver/Src/stm32f4xx_hal_tim.o
 .ARM.attributes
                0x000000000000055d       0x39 Drivers/STM32F4xx_HAL_Driver/Src/stm32f4xx_hal_tim_ex.o
 .ARM.attributes
                0x0000000000000596       0x39 Drivers/STM32F4xx_HAL_Driver/Src/stm32f4xx_hal_uart.o
 .ARM.attributes
                0x00000000000005cf       0x34 /Applications/STM32CubeIDE.app/Contents/Eclipse/plugins/com.st.stm32cube.ide.mcu.externaltools.gnu-tools-for-stm32.7-2018-q2-update.macos64_1.0.0.201904181610/tools/bin/../lib/gcc/arm-none-eabi/7.3.1/../../../../arm-none-eabi/lib/thumb/v7e-m/fpv4-sp/hard/libc_nano.a(lib_a-init.o)
 .ARM.attributes
                0x0000000000000603       0x34 /Applications/STM32CubeIDE.app/Contents/Eclipse/plugins/com.st.stm32cube.ide.mcu.externaltools.gnu-tools-for-stm32.7-2018-q2-update.macos64_1.0.0.201904181610/tools/bin/../lib/gcc/arm-none-eabi/7.3.1/../../../../arm-none-eabi/lib/thumb/v7e-m/fpv4-sp/hard/libc_nano.a(lib_a-memset.o)
 .ARM.attributes
                0x0000000000000637       0x22 /Applications/STM32CubeIDE.app/Contents/Eclipse/plugins/com.st.stm32cube.ide.mcu.externaltools.gnu-tools-for-stm32.7-2018-q2-update.macos64_1.0.0.201904181610/tools/bin/../lib/gcc/arm-none-eabi/7.3.1/thumb/v7e-m/fpv4-sp/hard/libgcc.a(_aeabi_uldivmod.o)
 .ARM.attributes
                0x0000000000000659       0x34 /Applications/STM32CubeIDE.app/Contents/Eclipse/plugins/com.st.stm32cube.ide.mcu.externaltools.gnu-tools-for-stm32.7-2018-q2-update.macos64_1.0.0.201904181610/tools/bin/../lib/gcc/arm-none-eabi/7.3.1/thumb/v7e-m/fpv4-sp/hard/libgcc.a(_udivmoddi4.o)
 .ARM.attributes
                0x000000000000068d       0x22 /Applications/STM32CubeIDE.app/Contents/Eclipse/plugins/com.st.stm32cube.ide.mcu.externaltools.gnu-tools-for-stm32.7-2018-q2-update.macos64_1.0.0.201904181610/tools/bin/../lib/gcc/arm-none-eabi/7.3.1/thumb/v7e-m/fpv4-sp/hard/libgcc.a(_dvmd_tls.o)
 .ARM.attributes
                0x00000000000006af       0x22 /Applications/STM32CubeIDE.app/Contents/Eclipse/plugins/com.st.stm32cube.ide.mcu.externaltools.gnu-tools-for-stm32.7-2018-q2-update.macos64_1.0.0.201904181610/tools/bin/../lib/gcc/arm-none-eabi/7.3.1/thumb/v7e-m/fpv4-sp/hard/crtn.o
OUTPUT(adcadcadc.elf elf32-littlearm)

.debug_info     0x0000000000000000    0x13412
 .debug_info    0x0000000000000000      0xacc Core/Src/adc.o
 .debug_info    0x0000000000000acc      0x911 Core/Src/dac.o
 .debug_info    0x00000000000013dd      0x5ba Core/Src/dma.o
 .debug_info    0x0000000000001997      0xc0a Core/Src/eth.o
 .debug_info    0x00000000000025a1      0x500 Core/Src/gpio.o
 .debug_info    0x0000000000002aa1     0x1916 Core/Src/main.o
 .debug_info    0x00000000000043b7      0x9d1 Core/Src/spi.o
 .debug_info    0x0000000000004d88      0x37c Core/Src/stm32f4xx_hal_msp.o
 .debug_info    0x0000000000005104      0x94b Core/Src/stm32f4xx_it.o
 .debug_info    0x0000000000005a4f      0x56e Core/Src/system_stm32f4xx.o
 .debug_info    0x0000000000005fbd      0xb97 Core/Src/tim.o
 .debug_info    0x0000000000006b54      0xbbe Core/Src/usart.o
 .debug_info    0x0000000000007712       0x22 Core/Startup/startup_stm32f429zitx.o
 .debug_info    0x0000000000007734      0x9b9 Drivers/STM32F4xx_HAL_Driver/Src/stm32f4xx_hal.o
 .debug_info    0x00000000000080ed      0xcee Drivers/STM32F4xx_HAL_Driver/Src/stm32f4xx_hal_adc.o
 .debug_info    0x0000000000008ddb      0xe5e Drivers/STM32F4xx_HAL_Driver/Src/stm32f4xx_hal_cortex.o
 .debug_info    0x0000000000009c39      0xa3a Drivers/STM32F4xx_HAL_Driver/Src/stm32f4xx_hal_dac.o
 .debug_info    0x000000000000a673      0x968 Drivers/STM32F4xx_HAL_Driver/Src/stm32f4xx_hal_dma.o
 .debug_info    0x000000000000afdb     0x14c4 Drivers/STM32F4xx_HAL_Driver/Src/stm32f4xx_hal_eth.o
 .debug_info    0x000000000000c49f      0x7cf Drivers/STM32F4xx_HAL_Driver/Src/stm32f4xx_hal_gpio.o
 .debug_info    0x000000000000cc6e      0x91e Drivers/STM32F4xx_HAL_Driver/Src/stm32f4xx_hal_rcc.o
 .debug_info    0x000000000000d58c     0x163a Drivers/STM32F4xx_HAL_Driver/Src/stm32f4xx_hal_spi.o
 .debug_info    0x000000000000ebc6     0x24a9 Drivers/STM32F4xx_HAL_Driver/Src/stm32f4xx_hal_tim.o
 .debug_info    0x000000000001106f     0x1157 Drivers/STM32F4xx_HAL_Driver/Src/stm32f4xx_hal_tim_ex.o
 .debug_info    0x00000000000121c6     0x124c Drivers/STM32F4xx_HAL_Driver/Src/stm32f4xx_hal_uart.o

.debug_abbrev   0x0000000000000000     0x2bc9
 .debug_abbrev  0x0000000000000000      0x1e2 Core/Src/adc.o
 .debug_abbrev  0x00000000000001e2      0x199 Core/Src/dac.o
 .debug_abbrev  0x000000000000037b      0x107 Core/Src/dma.o
 .debug_abbrev  0x0000000000000482      0x1a9 Core/Src/eth.o
 .debug_abbrev  0x000000000000062b      0x134 Core/Src/gpio.o
 .debug_abbrev  0x000000000000075f      0x207 Core/Src/main.o
 .debug_abbrev  0x0000000000000966      0x199 Core/Src/spi.o
 .debug_abbrev  0x0000000000000aff      0x109 Core/Src/stm32f4xx_hal_msp.o
 .debug_abbrev  0x0000000000000c08      0x15a Core/Src/stm32f4xx_it.o
 .debug_abbrev  0x0000000000000d62      0x12b Core/Src/system_stm32f4xx.o
 .debug_abbrev  0x0000000000000e8d      0x199 Core/Src/tim.o
 .debug_abbrev  0x0000000000001026      0x1a2 Core/Src/usart.o
 .debug_abbrev  0x00000000000011c8       0x12 Core/Startup/startup_stm32f429zitx.o
 .debug_abbrev  0x00000000000011da      0x1c7 Drivers/STM32F4xx_HAL_Driver/Src/stm32f4xx_hal.o
 .debug_abbrev  0x00000000000013a1      0x205 Drivers/STM32F4xx_HAL_Driver/Src/stm32f4xx_hal_adc.o
 .debug_abbrev  0x00000000000015a6      0x2fa Drivers/STM32F4xx_HAL_Driver/Src/stm32f4xx_hal_cortex.o
 .debug_abbrev  0x00000000000018a0      0x1e4 Drivers/STM32F4xx_HAL_Driver/Src/stm32f4xx_hal_dac.o
 .debug_abbrev  0x0000000000001a84      0x229 Drivers/STM32F4xx_HAL_Driver/Src/stm32f4xx_hal_dma.o
 .debug_abbrev  0x0000000000001cad      0x23e Drivers/STM32F4xx_HAL_Driver/Src/stm32f4xx_hal_eth.o
 .debug_abbrev  0x0000000000001eeb      0x1c9 Drivers/STM32F4xx_HAL_Driver/Src/stm32f4xx_hal_gpio.o
 .debug_abbrev  0x00000000000020b4      0x245 Drivers/STM32F4xx_HAL_Driver/Src/stm32f4xx_hal_rcc.o
 .debug_abbrev  0x00000000000022f9      0x240 Drivers/STM32F4xx_HAL_Driver/Src/stm32f4xx_hal_spi.o
 .debug_abbrev  0x0000000000002539      0x230 Drivers/STM32F4xx_HAL_Driver/Src/stm32f4xx_hal_tim.o
 .debug_abbrev  0x0000000000002769      0x21e Drivers/STM32F4xx_HAL_Driver/Src/stm32f4xx_hal_tim_ex.o
 .debug_abbrev  0x0000000000002987      0x242 Drivers/STM32F4xx_HAL_Driver/Src/stm32f4xx_hal_uart.o

.debug_aranges  0x0000000000000000     0x1170
 .debug_aranges
                0x0000000000000000       0x38 Core/Src/adc.o
 .debug_aranges
                0x0000000000000038       0x30 Core/Src/dac.o
 .debug_aranges
                0x0000000000000068       0x20 Core/Src/dma.o
 .debug_aranges
                0x0000000000000088       0x30 Core/Src/eth.o
 .debug_aranges
                0x00000000000000b8       0x20 Core/Src/gpio.o
 .debug_aranges
                0x00000000000000d8       0x38 Core/Src/main.o
 .debug_aranges
                0x0000000000000110       0x30 Core/Src/spi.o
 .debug_aranges
                0x0000000000000140       0x20 Core/Src/stm32f4xx_hal_msp.o
 .debug_aranges
                0x0000000000000160       0x80 Core/Src/stm32f4xx_it.o
 .debug_aranges
                0x00000000000001e0       0x28 Core/Src/system_stm32f4xx.o
 .debug_aranges
                0x0000000000000208       0x30 Core/Src/tim.o
 .debug_aranges
                0x0000000000000238       0x30 Core/Src/usart.o
 .debug_aranges
                0x0000000000000268       0x28 Core/Startup/startup_stm32f429zitx.o
 .debug_aranges
                0x0000000000000290      0x100 Drivers/STM32F4xx_HAL_Driver/Src/stm32f4xx_hal.o
 .debug_aranges
                0x0000000000000390       0xe8 Drivers/STM32F4xx_HAL_Driver/Src/stm32f4xx_hal_adc.o
 .debug_aranges
                0x0000000000000478      0x118 Drivers/STM32F4xx_HAL_Driver/Src/stm32f4xx_hal_cortex.o
 .debug_aranges
                0x0000000000000590       0xc0 Drivers/STM32F4xx_HAL_Driver/Src/stm32f4xx_hal_dac.o
 .debug_aranges
                0x0000000000000650       0x90 Drivers/STM32F4xx_HAL_Driver/Src/stm32f4xx_hal_dma.o
 .debug_aranges
                0x00000000000006e0      0x118 Drivers/STM32F4xx_HAL_Driver/Src/stm32f4xx_hal_eth.o
 .debug_aranges
                0x00000000000007f8       0x58 Drivers/STM32F4xx_HAL_Driver/Src/stm32f4xx_hal_gpio.o
 .debug_aranges
                0x0000000000000850       0x88 Drivers/STM32F4xx_HAL_Driver/Src/stm32f4xx_hal_rcc.o
 .debug_aranges
                0x00000000000008d8      0x1d0 Drivers/STM32F4xx_HAL_Driver/Src/stm32f4xx_hal_spi.o
 .debug_aranges
                0x0000000000000aa8      0x3a8 Drivers/STM32F4xx_HAL_Driver/Src/stm32f4xx_hal_tim.o
 .debug_aranges
                0x0000000000000e50      0x150 Drivers/STM32F4xx_HAL_Driver/Src/stm32f4xx_hal_tim_ex.o
 .debug_aranges
                0x0000000000000fa0      0x1d0 Drivers/STM32F4xx_HAL_Driver/Src/stm32f4xx_hal_uart.o

.debug_ranges   0x0000000000000000      0xfe8
 .debug_ranges  0x0000000000000000       0x28 Core/Src/adc.o
 .debug_ranges  0x0000000000000028       0x20 Core/Src/dac.o
 .debug_ranges  0x0000000000000048       0x10 Core/Src/dma.o
 .debug_ranges  0x0000000000000058       0x20 Core/Src/eth.o
 .debug_ranges  0x0000000000000078       0x10 Core/Src/gpio.o
 .debug_ranges  0x0000000000000088       0x28 Core/Src/main.o
 .debug_ranges  0x00000000000000b0       0x20 Core/Src/spi.o
 .debug_ranges  0x00000000000000d0       0x10 Core/Src/stm32f4xx_hal_msp.o
 .debug_ranges  0x00000000000000e0       0x70 Core/Src/stm32f4xx_it.o
 .debug_ranges  0x0000000000000150       0x18 Core/Src/system_stm32f4xx.o
 .debug_ranges  0x0000000000000168       0x20 Core/Src/tim.o
 .debug_ranges  0x0000000000000188       0x20 Core/Src/usart.o
 .debug_ranges  0x00000000000001a8       0x20 Core/Startup/startup_stm32f429zitx.o
 .debug_ranges  0x00000000000001c8       0xf0 Drivers/STM32F4xx_HAL_Driver/Src/stm32f4xx_hal.o
 .debug_ranges  0x00000000000002b8       0xd8 Drivers/STM32F4xx_HAL_Driver/Src/stm32f4xx_hal_adc.o
 .debug_ranges  0x0000000000000390      0x108 Drivers/STM32F4xx_HAL_Driver/Src/stm32f4xx_hal_cortex.o
 .debug_ranges  0x0000000000000498       0xb0 Drivers/STM32F4xx_HAL_Driver/Src/stm32f4xx_hal_dac.o
 .debug_ranges  0x0000000000000548       0x80 Drivers/STM32F4xx_HAL_Driver/Src/stm32f4xx_hal_dma.o
 .debug_ranges  0x00000000000005c8      0x108 Drivers/STM32F4xx_HAL_Driver/Src/stm32f4xx_hal_eth.o
 .debug_ranges  0x00000000000006d0       0x48 Drivers/STM32F4xx_HAL_Driver/Src/stm32f4xx_hal_gpio.o
 .debug_ranges  0x0000000000000718       0x78 Drivers/STM32F4xx_HAL_Driver/Src/stm32f4xx_hal_rcc.o
 .debug_ranges  0x0000000000000790      0x1c0 Drivers/STM32F4xx_HAL_Driver/Src/stm32f4xx_hal_spi.o
 .debug_ranges  0x0000000000000950      0x398 Drivers/STM32F4xx_HAL_Driver/Src/stm32f4xx_hal_tim.o
 .debug_ranges  0x0000000000000ce8      0x140 Drivers/STM32F4xx_HAL_Driver/Src/stm32f4xx_hal_tim_ex.o
 .debug_ranges  0x0000000000000e28      0x1c0 Drivers/STM32F4xx_HAL_Driver/Src/stm32f4xx_hal_uart.o

.debug_macro    0x0000000000000000    0x25b56
 .debug_macro   0x0000000000000000      0x22d Core/Src/adc.o
 .debug_macro   0x000000000000022d      0xa5a Core/Src/adc.o
 .debug_macro   0x0000000000000c87      0x1b0 Core/Src/adc.o
 .debug_macro   0x0000000000000e37       0x32 Core/Src/adc.o
 .debug_macro   0x0000000000000e69       0x28 Core/Src/adc.o
 .debug_macro   0x0000000000000e91       0x22 Core/Src/adc.o
 .debug_macro   0x0000000000000eb3       0x8e Core/Src/adc.o
 .debug_macro   0x0000000000000f41       0x51 Core/Src/adc.o
 .debug_macro   0x0000000000000f92       0xef Core/Src/adc.o
 .debug_macro   0x0000000000001081       0x6a Core/Src/adc.o
 .debug_macro   0x00000000000010eb      0x1df Core/Src/adc.o
 .debug_macro   0x00000000000012ca       0x1c Core/Src/adc.o
 .debug_macro   0x00000000000012e6       0x22 Core/Src/adc.o
 .debug_macro   0x0000000000001308       0xdf Core/Src/adc.o
 .debug_macro   0x00000000000013e7     0x102d Core/Src/adc.o
 .debug_macro   0x0000000000002414      0x11f Core/Src/adc.o
 .debug_macro   0x0000000000002533    0x17f79 Core/Src/adc.o
 .debug_macro   0x000000000001a4ac       0x43 Core/Src/adc.o
 .debug_macro   0x000000000001a4ef     0x36c2 Core/Src/adc.o
 .debug_macro   0x000000000001dbb1      0x174 Core/Src/adc.o
 .debug_macro   0x000000000001dd25       0x5a Core/Src/adc.o
 .debug_macro   0x000000000001dd7f      0xca5 Core/Src/adc.o
 .debug_macro   0x000000000001ea24      0x9fe Core/Src/adc.o
 .debug_macro   0x000000000001f422      0x182 Core/Src/adc.o
 .debug_macro   0x000000000001f5a4      0x117 Core/Src/adc.o
 .debug_macro   0x000000000001f6bb      0x157 Core/Src/adc.o
 .debug_macro   0x000000000001f812       0x27 Core/Src/adc.o
 .debug_macro   0x000000000001f839      0x287 Core/Src/adc.o
 .debug_macro   0x000000000001fac0       0x5f Core/Src/adc.o
 .debug_macro   0x000000000001fb1f      0x236 Core/Src/adc.o
 .debug_macro   0x000000000001fd55      0x391 Core/Src/adc.o
 .debug_macro   0x00000000000200e6      0x184 Core/Src/adc.o
 .debug_macro   0x000000000002026a       0xf9 Core/Src/adc.o
 .debug_macro   0x0000000000020363       0xea Core/Src/adc.o
 .debug_macro   0x000000000002044d       0xa0 Core/Src/adc.o
 .debug_macro   0x00000000000204ed       0x3c Core/Src/adc.o
 .debug_macro   0x0000000000020529      0xccf Core/Src/adc.o
 .debug_macro   0x00000000000211f8      0x132 Core/Src/adc.o
 .debug_macro   0x000000000002132a      0x41d Core/Src/adc.o
 .debug_macro   0x0000000000021747       0x2e Core/Src/adc.o
 .debug_macro   0x0000000000021775      0x11a Core/Src/adc.o
 .debug_macro   0x000000000002188f       0xe2 Core/Src/adc.o
 .debug_macro   0x0000000000021971       0x89 Core/Src/adc.o
 .debug_macro   0x00000000000219fa      0x225 Core/Src/adc.o
 .debug_macro   0x0000000000021c1f      0x8a0 Core/Src/adc.o
 .debug_macro   0x00000000000224bf       0x47 Core/Src/adc.o
 .debug_macro   0x0000000000022506      0x287 Core/Src/adc.o
 .debug_macro   0x000000000002278d      0x134 Core/Src/adc.o
 .debug_macro   0x00000000000228c1       0xa0 Core/Src/adc.o
 .debug_macro   0x0000000000022961      0x22d Core/Src/dac.o
 .debug_macro   0x0000000000022b8e      0x22d Core/Src/dma.o
 .debug_macro   0x0000000000022dbb      0x22d Core/Src/eth.o
 .debug_macro   0x0000000000022fe8      0x22d Core/Src/gpio.o
 .debug_macro   0x0000000000023215      0x277 Core/Src/main.o
 .debug_macro   0x000000000002348c      0x22d Core/Src/spi.o
 .debug_macro   0x00000000000236b9      0x223 Core/Src/stm32f4xx_hal_msp.o
 .debug_macro   0x00000000000238dc      0x22d Core/Src/stm32f4xx_it.o
 .debug_macro   0x0000000000023b09      0x21a Core/Src/system_stm32f4xx.o
 .debug_macro   0x0000000000023d23      0x22d Core/Src/tim.o
 .debug_macro   0x0000000000023f50      0x22d Core/Src/usart.o
 .debug_macro   0x000000000002417d      0x274 Drivers/STM32F4xx_HAL_Driver/Src/stm32f4xx_hal.o
 .debug_macro   0x00000000000243f1      0x215 Drivers/STM32F4xx_HAL_Driver/Src/stm32f4xx_hal_adc.o
 .debug_macro   0x0000000000024606      0x214 Drivers/STM32F4xx_HAL_Driver/Src/stm32f4xx_hal_cortex.o
 .debug_macro   0x000000000002481a      0x215 Drivers/STM32F4xx_HAL_Driver/Src/stm32f4xx_hal_dac.o
 .debug_macro   0x0000000000024a2f      0x21a Drivers/STM32F4xx_HAL_Driver/Src/stm32f4xx_hal_dma.o
 .debug_macro   0x0000000000024c49      0x22a Drivers/STM32F4xx_HAL_Driver/Src/stm32f4xx_hal_eth.o
 .debug_macro   0x0000000000024e73      0x24a Drivers/STM32F4xx_HAL_Driver/Src/stm32f4xx_hal_gpio.o
 .debug_macro   0x00000000000250bd      0x238 Drivers/STM32F4xx_HAL_Driver/Src/stm32f4xx_hal_rcc.o
 .debug_macro   0x00000000000252f5      0x223 Drivers/STM32F4xx_HAL_Driver/Src/stm32f4xx_hal_spi.o
 .debug_macro   0x0000000000025518      0x215 Drivers/STM32F4xx_HAL_Driver/Src/stm32f4xx_hal_tim.o
 .debug_macro   0x000000000002572d      0x214 Drivers/STM32F4xx_HAL_Driver/Src/stm32f4xx_hal_tim_ex.o
 .debug_macro   0x0000000000025941      0x215 Drivers/STM32F4xx_HAL_Driver/Src/stm32f4xx_hal_uart.o

.debug_line     0x0000000000000000     0xfdd0
 .debug_line    0x0000000000000000      0x852 Core/Src/adc.o
 .debug_line    0x0000000000000852      0x7ad Core/Src/dac.o
 .debug_line    0x0000000000000fff      0x77e Core/Src/dma.o
 .debug_line    0x000000000000177d      0x7cc Core/Src/eth.o
 .debug_line    0x0000000000001f49      0x786 Core/Src/gpio.o
 .debug_line    0x00000000000026cf      0x81b Core/Src/main.o
 .debug_line    0x0000000000002eea      0x7b5 Core/Src/spi.o
 .debug_line    0x000000000000369f      0x781 Core/Src/stm32f4xx_hal_msp.o
 .debug_line    0x0000000000003e20      0x86d Core/Src/stm32f4xx_it.o
 .debug_line    0x000000000000468d      0x79c Core/Src/system_stm32f4xx.o
 .debug_line    0x0000000000004e29      0x7b2 Core/Src/tim.o
 .debug_line    0x00000000000055db      0x7b8 Core/Src/usart.o
 .debug_line    0x0000000000005d93       0x86 Core/Startup/startup_stm32f429zitx.o
 .debug_line    0x0000000000005e19      0x9aa Drivers/STM32F4xx_HAL_Driver/Src/stm32f4xx_hal.o
 .debug_line    0x00000000000067c3      0xbed Drivers/STM32F4xx_HAL_Driver/Src/stm32f4xx_hal_adc.o
 .debug_line    0x00000000000073b0      0xaaa Drivers/STM32F4xx_HAL_Driver/Src/stm32f4xx_hal_cortex.o
 .debug_line    0x0000000000007e5a      0x9da Drivers/STM32F4xx_HAL_Driver/Src/stm32f4xx_hal_dac.o
 .debug_line    0x0000000000008834      0xa54 Drivers/STM32F4xx_HAL_Driver/Src/stm32f4xx_hal_dma.o
 .debug_line    0x0000000000009288      0xe75 Drivers/STM32F4xx_HAL_Driver/Src/stm32f4xx_hal_eth.o
 .debug_line    0x000000000000a0fd      0x98d Drivers/STM32F4xx_HAL_Driver/Src/stm32f4xx_hal_gpio.o
 .debug_line    0x000000000000aa8a      0x9de Drivers/STM32F4xx_HAL_Driver/Src/stm32f4xx_hal_rcc.o
 .debug_line    0x000000000000b468     0x1139 Drivers/STM32F4xx_HAL_Driver/Src/stm32f4xx_hal_spi.o
 .debug_line    0x000000000000c5a1     0x19ff Drivers/STM32F4xx_HAL_Driver/Src/stm32f4xx_hal_tim.o
 .debug_line    0x000000000000dfa0      0xd9c Drivers/STM32F4xx_HAL_Driver/Src/stm32f4xx_hal_tim_ex.o
 .debug_line    0x000000000000ed3c     0x1094 Drivers/STM32F4xx_HAL_Driver/Src/stm32f4xx_hal_uart.o

.debug_str      0x0000000000000000    0xe4ea2
 .debug_str     0x0000000000000000    0xe00b2 Core/Src/adc.o
                                      0xe03ae (size before relaxing)
 .debug_str     0x00000000000e00b2      0x193 Core/Src/dac.o
                                      0xe030a (size before relaxing)
 .debug_str     0x00000000000e0245      0x566 Core/Src/dma.o
                                      0xe03fa (size before relaxing)
 .debug_str     0x00000000000e07ab      0x47f Core/Src/eth.o
                                      0xe040a (size before relaxing)
 .debug_str     0x00000000000e0c2a       0x2a Core/Src/gpio.o
                                      0xdff2c (size before relaxing)
 .debug_str     0x00000000000e0c54      0x638 Core/Src/main.o
                                      0xe0eea (size before relaxing)
 .debug_str     0x00000000000e128c       0x4b Core/Src/spi.o
                                      0xe03a5 (size before relaxing)
 .debug_str     0x00000000000e12d7       0x2c Core/Src/stm32f4xx_hal_msp.o
                                      0xdfead (size before relaxing)
 .debug_str     0x00000000000e1303      0x10f Core/Src/stm32f4xx_it.o
                                      0xe047e (size before relaxing)
 .debug_str     0x00000000000e1412       0xc4 Core/Src/system_stm32f4xx.o
                                      0xdfcc3 (size before relaxing)
 .debug_str     0x00000000000e14d6       0xe8 Core/Src/tim.o
                                      0xe092a (size before relaxing)
 .debug_str     0x00000000000e15be       0x57 Core/Src/usart.o
                                      0xe08da (size before relaxing)
 .debug_str     0x00000000000e1615       0x36 Core/Startup/startup_stm32f429zitx.o
                                         0x69 (size before relaxing)
 .debug_str     0x00000000000e164b      0x5c8 Drivers/STM32F4xx_HAL_Driver/Src/stm32f4xx_hal.o
                                      0xe082f (size before relaxing)
 .debug_str     0x00000000000e1c13      0x28d Drivers/STM32F4xx_HAL_Driver/Src/stm32f4xx_hal_adc.o
                                      0xe0247 (size before relaxing)
 .debug_str     0x00000000000e1ea0      0x38d Drivers/STM32F4xx_HAL_Driver/Src/stm32f4xx_hal_cortex.o
                                      0xe05d0 (size before relaxing)
 .debug_str     0x00000000000e222d      0x1bd Drivers/STM32F4xx_HAL_Driver/Src/stm32f4xx_hal_dac.o
                                      0xe00d4 (size before relaxing)
 .debug_str     0x00000000000e23ea      0x31d Drivers/STM32F4xx_HAL_Driver/Src/stm32f4xx_hal_dma.o
                                      0xe00c5 (size before relaxing)
 .debug_str     0x00000000000e2707      0x759 Drivers/STM32F4xx_HAL_Driver/Src/stm32f4xx_hal_eth.o
                                      0xe088e (size before relaxing)
 .debug_str     0x00000000000e2e60      0x205 Drivers/STM32F4xx_HAL_Driver/Src/stm32f4xx_hal_gpio.o
                                      0xdff02 (size before relaxing)
 .debug_str     0x00000000000e3065      0x259 Drivers/STM32F4xx_HAL_Driver/Src/stm32f4xx_hal_rcc.o
                                      0xe00b0 (size before relaxing)
 .debug_str     0x00000000000e32be      0x55f Drivers/STM32F4xx_HAL_Driver/Src/stm32f4xx_hal_spi.o
                                      0xe051e (size before relaxing)
 .debug_str     0x00000000000e381d      0xcd6 Drivers/STM32F4xx_HAL_Driver/Src/stm32f4xx_hal_tim.o
                                      0xe0dbc (size before relaxing)
 .debug_str     0x00000000000e44f3      0x4a2 Drivers/STM32F4xx_HAL_Driver/Src/stm32f4xx_hal_tim_ex.o
                                      0xe05bc (size before relaxing)
 .debug_str     0x00000000000e4995      0x50d Drivers/STM32F4xx_HAL_Driver/Src/stm32f4xx_hal_uart.o
                                      0xe04fc (size before relaxing)

.comment        0x0000000000000000       0x7b
 .comment       0x0000000000000000       0x7b Core/Src/adc.o
                                         0x7c (size before relaxing)
 .comment       0x000000000000007b       0x7c Core/Src/dac.o
 .comment       0x000000000000007b       0x7c Core/Src/dma.o
 .comment       0x000000000000007b       0x7c Core/Src/eth.o
 .comment       0x000000000000007b       0x7c Core/Src/gpio.o
 .comment       0x000000000000007b       0x7c Core/Src/main.o
 .comment       0x000000000000007b       0x7c Core/Src/spi.o
 .comment       0x000000000000007b       0x7c Core/Src/stm32f4xx_hal_msp.o
 .comment       0x000000000000007b       0x7c Core/Src/stm32f4xx_it.o
 .comment       0x000000000000007b       0x7c Core/Src/system_stm32f4xx.o
 .comment       0x000000000000007b       0x7c Core/Src/tim.o
 .comment       0x000000000000007b       0x7c Core/Src/usart.o
 .comment       0x000000000000007b       0x7c Drivers/STM32F4xx_HAL_Driver/Src/stm32f4xx_hal.o
 .comment       0x000000000000007b       0x7c Drivers/STM32F4xx_HAL_Driver/Src/stm32f4xx_hal_adc.o
 .comment       0x000000000000007b       0x7c Drivers/STM32F4xx_HAL_Driver/Src/stm32f4xx_hal_cortex.o
 .comment       0x000000000000007b       0x7c Drivers/STM32F4xx_HAL_Driver/Src/stm32f4xx_hal_dac.o
 .comment       0x000000000000007b       0x7c Drivers/STM32F4xx_HAL_Driver/Src/stm32f4xx_hal_dma.o
 .comment       0x000000000000007b       0x7c Drivers/STM32F4xx_HAL_Driver/Src/stm32f4xx_hal_eth.o
 .comment       0x000000000000007b       0x7c Drivers/STM32F4xx_HAL_Driver/Src/stm32f4xx_hal_gpio.o
 .comment       0x000000000000007b       0x7c Drivers/STM32F4xx_HAL_Driver/Src/stm32f4xx_hal_rcc.o
 .comment       0x000000000000007b       0x7c Drivers/STM32F4xx_HAL_Driver/Src/stm32f4xx_hal_spi.o
 .comment       0x000000000000007b       0x7c Drivers/STM32F4xx_HAL_Driver/Src/stm32f4xx_hal_tim.o
 .comment       0x000000000000007b       0x7c Drivers/STM32F4xx_HAL_Driver/Src/stm32f4xx_hal_tim_ex.o
 .comment       0x000000000000007b       0x7c Drivers/STM32F4xx_HAL_Driver/Src/stm32f4xx_hal_uart.o

.debug_frame    0x0000000000000000     0x47ac
 .debug_frame   0x0000000000000000       0xa0 Core/Src/adc.o
 .debug_frame   0x00000000000000a0       0x7c Core/Src/dac.o
 .debug_frame   0x000000000000011c       0x34 Core/Src/dma.o
 .debug_frame   0x0000000000000150       0x74 Core/Src/eth.o
 .debug_frame   0x00000000000001c4       0x34 Core/Src/gpio.o
 .debug_frame   0x00000000000001f8       0x98 Core/Src/main.o
 .debug_frame   0x0000000000000290       0x74 Core/Src/spi.o
 .debug_frame   0x0000000000000304       0x38 Core/Src/stm32f4xx_hal_msp.o
 .debug_frame   0x000000000000033c      0x17c Core/Src/stm32f4xx_it.o
 .debug_frame   0x00000000000004b8       0x58 Core/Src/system_stm32f4xx.o
 .debug_frame   0x0000000000000510       0x7c Core/Src/tim.o
 .debug_frame   0x000000000000058c       0x74 Core/Src/usart.o
 .debug_frame   0x0000000000000600      0x3b4 Drivers/STM32F4xx_HAL_Driver/Src/stm32f4xx_hal.o
 .debug_frame   0x00000000000009b4      0x3fc Drivers/STM32F4xx_HAL_Driver/Src/stm32f4xx_hal_adc.o
 .debug_frame   0x0000000000000db0      0x498 Drivers/STM32F4xx_HAL_Driver/Src/stm32f4xx_hal_cortex.o
 .debug_frame   0x0000000000001248      0x338 Drivers/STM32F4xx_HAL_Driver/Src/stm32f4xx_hal_dac.o
 .debug_frame   0x0000000000001580      0x250 Drivers/STM32F4xx_HAL_Driver/Src/stm32f4xx_hal_dma.o
 .debug_frame   0x00000000000017d0      0x4dc Drivers/STM32F4xx_HAL_Driver/Src/stm32f4xx_hal_eth.o
 .debug_frame   0x0000000000001cac      0x14c Drivers/STM32F4xx_HAL_Driver/Src/stm32f4xx_hal_gpio.o
 .debug_frame   0x0000000000001df8      0x1f0 Drivers/STM32F4xx_HAL_Driver/Src/stm32f4xx_hal_rcc.o
 .debug_frame   0x0000000000001fe8      0x824 Drivers/STM32F4xx_HAL_Driver/Src/stm32f4xx_hal_spi.o
 .debug_frame   0x000000000000280c     0x10f0 Drivers/STM32F4xx_HAL_Driver/Src/stm32f4xx_hal_tim.o
 .debug_frame   0x00000000000038fc      0x5c0 Drivers/STM32F4xx_HAL_Driver/Src/stm32f4xx_hal_tim_ex.o
 .debug_frame   0x0000000000003ebc      0x844 Drivers/STM32F4xx_HAL_Driver/Src/stm32f4xx_hal_uart.o
 .debug_frame   0x0000000000004700       0x2c /Applications/STM32CubeIDE.app/Contents/Eclipse/plugins/com.st.stm32cube.ide.mcu.externaltools.gnu-tools-for-stm32.7-2018-q2-update.macos64_1.0.0.201904181610/tools/bin/../lib/gcc/arm-none-eabi/7.3.1/../../../../arm-none-eabi/lib/thumb/v7e-m/fpv4-sp/hard/libc_nano.a(lib_a-init.o)
 .debug_frame   0x000000000000472c       0x20 /Applications/STM32CubeIDE.app/Contents/Eclipse/plugins/com.st.stm32cube.ide.mcu.externaltools.gnu-tools-for-stm32.7-2018-q2-update.macos64_1.0.0.201904181610/tools/bin/../lib/gcc/arm-none-eabi/7.3.1/../../../../arm-none-eabi/lib/thumb/v7e-m/fpv4-sp/hard/libc_nano.a(lib_a-memset.o)
 .debug_frame   0x000000000000474c       0x2c /Applications/STM32CubeIDE.app/Contents/Eclipse/plugins/com.st.stm32cube.ide.mcu.externaltools.gnu-tools-for-stm32.7-2018-q2-update.macos64_1.0.0.201904181610/tools/bin/../lib/gcc/arm-none-eabi/7.3.1/thumb/v7e-m/fpv4-sp/hard/libgcc.a(_aeabi_uldivmod.o)
 .debug_frame   0x0000000000004778       0x34 /Applications/STM32CubeIDE.app/Contents/Eclipse/plugins/com.st.stm32cube.ide.mcu.externaltools.gnu-tools-for-stm32.7-2018-q2-update.macos64_1.0.0.201904181610/tools/bin/../lib/gcc/arm-none-eabi/7.3.1/thumb/v7e-m/fpv4-sp/hard/libgcc.a(_udivmoddi4.o)
