17:04:51 **** Incremental Build of configuration Debug for project LCD ****
make -j7 all 
arm-none-eabi-gcc -o "LCD.elf" @"objects.list"   -mcpu=cortex-m4 -T"/Users/sungjinkim/stm32workspace00/LCD/STM32F429ZITX_FLASH.ld" --specs=nosys.specs -Wl,-Map="LCD.map" -Wl,--gc-sections -static --specs=nano.specs -mfpu=fpv4-sp-d16 -mfloat-abi=hard -mthumb -Wl,--start-group -lc -lm -Wl,--end-group
Finished building target: LCD.elf
 
arm-none-eabi-size   LCD.elf 
arm-none-eabi-objdump -h -S  LCD.elf  > "LCD.list"
   text	   data	    bss	    dec	    hex	filename
   4636	     20	   1572	   6228	   1854	LCD.elf
Finished building: default.size.stdout
 
Finished building: LCD.list
 

17:04:52 Build Finished. 0 errors, 0 warnings. (took 340ms)

